List of devices attached
emulator-5554          device product:sdk_phone_x86 device:generic_x86 transport_id:4
