List of devices attached
200ABCDEFGHIJK         device 231-1 product:panther model:Pixel_7 device:panther transport_id:1
