* daemon not running; starting now at tcp:5037
* daemon started successfully
error: device 'emulator-5556' not found
Performing Push Install
adb: error: failed to get feature set: device 'emulator-5556' not found
