  1) 38EBD6F8903EC63C238B04C1067833814CE47CA3 "Developer ID Application: Example Corporation Ltd (Z2K4383DLE)"
  2) 11E77FB58F13F6108B38110D5D92233C58ED38C5 "iPhone Developer: Jane Smith (BXAH5H869S)"
  3) F8903EC63C238B04C1067833814CE47CA338EBD6 "Developer ID Application: Other Corporation Ltd (83DLZ2K43E)"
     3 valid identities found
