  1) 38EBD6F8903EC63C238B04C1067833814CE47CA3 "Developer ID Application: Example Corporation Ltd (Z2K4383DLE)"
     1 valid identity found
